C51 COMPILER V9.54   MAIN                                                                  04/24/2022 01:16:46 PAGE 1   


C51 COMPILER V9.54, COMPILATION OF MODULE MAIN
OBJECT MODULE PLACED IN .\Objects\main.obj
COMPILER INVOKED BY: D:\soft\Keil\Keil\C51\BIN\C51.EXE ..\User\main.c OPTIMIZE(8,SPEED) BROWSE DEBUG OBJECTEXTEND PRINT(
                    -.\Listings\main.lst) TABS(2) OBJECT(.\Objects\main.obj)

line level    source

   1          #include <reg52.h>
   2          
   3          sbit ADDR0 = P1^0;
   4          sbit ADDR1 = P1^1;
   5          sbit ADDR2 = P1^2;
   6          sbit ADDR3 = P1^3;
   7          sbit ENLED = P1^4;
   8          
   9          void main()
  10          {
  11   1        //声明语句
  12   1        unsigned char cnt = 0; //用来移位控制
  13   1        unsigned int i = 0;   //用来软件延时
  14   1        //执行语句
  15   1        ENLED = 0;        //使能U3（74HC138）的E1和E2
  16   1        ADDR3 = 1;        //使能U3（74HC138）的E3，使之能正常输出
  17   1        ADDR2 = 1;        //经U3的Y6输出来开启Q16三极管
  18   1        ADDR1 = 1;
  19   1        ADDR0 = 0;
  20   1        while(1)
  21   1        {
  22   2          P0 = ~(0x01 << cnt);  //进行左移cnt位后取反即为点亮LED
  23   2          for(i = 0;i < 20000;i++); //延时一段时间
  24   2          cnt++;              //下次循环时，移动的位数加1即为点亮下一个LED
  25   2          if(cnt >= 8)
  26   2          {
  27   3              cnt = 0;    //如果移动位数超过7以后需要重新计数
  28   3          }
  29   2        }
  30   1      }


MODULE INFORMATION:   STATIC OVERLAYABLE
   CODE SIZE        =     53    ----
   CONSTANT SIZE    =   ----    ----
   XDATA SIZE       =   ----    ----
   PDATA SIZE       =   ----    ----
   DATA SIZE        =   ----    ----
   IDATA SIZE       =   ----    ----
   BIT SIZE         =   ----    ----
END OF MODULE INFORMATION.


C51 COMPILATION COMPLETE.  0 WARNING(S),  0 ERROR(S)
